## Product Announcement

We're excited to announce our new product line!

New Product Launch

Our revolutionary new product that will change everything

Key features include:

-   Advanced technology
-   User-friendly interface
-   24/7 support

Visit our [website](https://example.com) for more information.

Company Logo

Best regards,  
The Product Team