Thanks for your message!

I'll get back to you soon.

Best regards,
John
